000, 000 = 001
000, 001 = 002
000, 002 = 003
000, 003 = 004
000, 004 = 005
001, 000 = 002
001, 001 = 003
001, 002 = 004
001, 003 = 005
001, 004 = 006
002, 000 = 003
002, 001 = 005
002, 002 = 007
002, 003 = 009
002, 004 = 011
003, 000 = 005
003, 001 = 013
003, 002 = 029
003, 003 = 061
003, 004 = 125
